{"timestamp":"2026-09-26T20:14:46.3804558Z","event":"run_start","snapshot":"C:\\Users\\mooto\\AppData\\Local\\Temp\\glazewm global direction smoke 20260926-161446.json","cli":"C:\\Program Files\\glzr.io\\GlazeWM\\glazewm-cli.exe","testSoftExit":true,"runId":"20260926-161446","log":"F:\\dev\\glazewm\\plans\\2026-09-26\\GLOBAL_TILING_DIRECTION_SMOKE.log"}
{"timestamp":"2026-09-26T20:14:46.4349779Z","event":"cli_call","arguments":["query","global-tiling-direction"],"name":"query_global_direction"}
{"timestamp":"2026-09-26T20:14:46.4643923Z","event":"cli_result","exitCode":0,"outputLength":123,"name":"query_global_direction"}
{"timestamp":"2026-09-26T20:14:46.4927969Z","event":"cli_call","arguments":["query","layout"],"name":"query_layout"}
{"timestamp":"2026-09-26T20:14:46.5164743Z","event":"cli_result","exitCode":0,"outputLength":6256,"name":"query_layout"}
{"timestamp":"2026-09-26T20:14:46.5741837Z","event":"initial_state","globalDirection":"horizontal","structuralHash":"cf61378fcfbdeef3a3c94ce0a59982506b3e0c4079f5e28219fbd18b7b1f0db2"}
{"timestamp":"2026-09-26T20:14:46.5773436Z","event":"cli_call","arguments":["query","ignored"],"name":"query_ignored"}
{"timestamp":"2026-09-26T20:14:46.6003191Z","event":"cli_result","exitCode":0,"outputLength":780,"name":"query_ignored"}
{"timestamp":"2026-09-26T20:14:46.6264799Z","event":"assertion","ignoredMatches":1,"pass":true,"name":"spotco Zebar bar is running and WM-ignored","processCount":1}
{"timestamp":"2026-09-26T20:14:46.6303361Z","event":"cli_call","arguments":["save-layout","C:\\Users\\mooto\\AppData\\Local\\Temp\\glazewm global direction smoke 20260926-161446.json"],"name":"save_smoke_snapshot"}
{"timestamp":"2026-09-26T20:14:46.6537653Z","event":"cli_result","exitCode":0,"outputLength":6256,"name":"save_smoke_snapshot"}
{"timestamp":"2026-09-26T20:14:46.6573313Z","event":"assertion","path":"C:\\Users\\mooto\\AppData\\Local\\Temp\\glazewm global direction smoke 20260926-161446.json","outputLength":6256,"name":"layout snapshot created for safe restore","pass":true}
{"timestamp":"2026-09-26T20:14:46.6597833Z","event":"cli_call","arguments":["query","layout"],"name":"query_layout"}
{"timestamp":"2026-09-26T20:14:46.6898632Z","event":"cli_result","exitCode":0,"outputLength":6256,"name":"query_layout"}
{"timestamp":"2026-09-26T20:14:46.6933710Z","event":"cli_call","arguments":["query","global-tiling-direction"],"name":"query_global_direction"}
{"timestamp":"2026-09-26T20:14:46.7136435Z","event":"cli_result","exitCode":0,"outputLength":123,"name":"query_global_direction"}
{"timestamp":"2026-09-26T20:14:46.7161500Z","event":"cli_call","arguments":["command","toggle-tiling-direction"],"name":"toggle_global_direction"}
{"timestamp":"2026-09-26T20:14:46.7411708Z","event":"cli_result","exitCode":0,"outputLength":148,"name":"toggle_global_direction"}
{"timestamp":"2026-09-26T20:14:47.0013395Z","event":"cli_call","arguments":["query","layout"],"name":"query_layout"}
{"timestamp":"2026-09-26T20:14:47.0383099Z","event":"cli_result","exitCode":0,"outputLength":6254,"name":"query_layout"}
{"timestamp":"2026-09-26T20:14:47.0423091Z","event":"cli_call","arguments":["query","global-tiling-direction"],"name":"query_global_direction"}
{"timestamp":"2026-09-26T20:14:47.0644000Z","event":"cli_result","exitCode":0,"outputLength":121,"name":"query_global_direction"}
{"timestamp":"2026-09-26T20:14:47.0681485Z","event":"assertion","before":"horizontal","name":"toggle changes global direction","pass":true,"after":"vertical"}
{"timestamp":"2026-09-26T20:14:47.0958847Z","event":"assertion","pass":true,"name":"toggle does not change structural layout"}
{"timestamp":"2026-09-26T20:14:47.0983999Z","event":"cli_call","arguments":["command","set-tiling-direction","horizontal"],"name":"restore_global_direction_after_toggle"}
{"timestamp":"2026-09-26T20:14:47.1238405Z","event":"cli_result","exitCode":0,"outputLength":156,"name":"restore_global_direction_after_toggle"}
{"timestamp":"2026-09-26T20:14:47.1263622Z","event":"cli_call","arguments":["query","global-tiling-direction"],"name":"query_global_direction"}
{"timestamp":"2026-09-26T20:14:47.1475252Z","event":"cli_result","exitCode":0,"outputLength":123,"name":"query_global_direction"}
{"timestamp":"2026-09-26T20:14:47.1495289Z","event":"assertion","pass":true,"name":"toggle restores original global direction"}
{"timestamp":"2026-09-26T20:14:47.1562977Z","event":"layout_log_tail","path":"C:\\Users\\mooto\\.glzr\\glazewm\\layout.log","reason":"global toggle","lines":"[2026-09-26T20:14:16.000485900Z] auto-save scheduled; event=MonitorUpdated; quiet=5s\n[2026-09-26T20:14:16.031550500Z] auto-save debounce coalesced; event=MonitorUpdated; quiet=5s\n[2026-09-26T20:14:19.808759600Z] auto-save debounce coalesced; event=MonitorUpdated; quiet=5s\n[2026-09-26T20:14:19.809146500Z] auto-save debounce coalesced; event=MonitorUpdated; quiet=5s\n[2026-09-26T20:14:23.070171700Z] auto-save debounce coalesced; event=MonitorUpdated; quiet=5s\n[2026-09-26T20:14:23.098137200Z] auto-save debounce coalesced; event=MonitorUpdated; quiet=5s\n[2026-09-26T20:14:28.107987500Z] auto-save debounce fired; writing C:\\Users\\mooto\\.glzr/glazewm\\layout.json (workspaces=2, windows=8)\n[2026-09-26T20:14:28.113635500Z] auto-save success -\u003e C:\\Users\\mooto\\.glzr/glazewm\\layout.json (workspaces=2, windows=8)\n[2026-09-26T20:14:46.736763800Z] auto-save scheduled; event=GlobalTilingDirectionChanged; quiet=5s\n[2026-09-26T20:14:46.737225900Z] auto-save debounce coalesced; event=TilingDirectionChanged; quiet=5s\n[2026-09-26T20:14:47.119415700Z] auto-save debounce coalesced; event=GlobalTilingDirectionChanged; quiet=5s\n[2026-09-26T20:14:47.119725300Z] auto-save debounce coalesced; event=TilingDirectionChanged; quiet=5s"}
{"timestamp":"2026-09-26T20:14:47.1598052Z","event":"cli_call","arguments":["query","focused"],"name":"query_focused"}
{"timestamp":"2026-09-26T20:14:47.1894429Z","event":"cli_result","exitCode":0,"outputLength":850,"name":"query_focused"}
{"timestamp":"2026-09-26T20:14:47.1949508Z","event":"assertion","focusedId":"d85a882f-203a-4e9a-a9b6-33166308d288","name":"a tiling focus is available for live move smoke","pass":true,"focusedType":"tiling"}
{"timestamp":"2026-09-26T20:14:47.1994969Z","event":"cli_call","arguments":["command","set-tiling-direction","horizontal"],"name":"set_global_for_global-horizontal-normal"}
{"timestamp":"2026-09-26T20:14:47.2232860Z","event":"cli_result","exitCode":0,"outputLength":156,"name":"set_global_for_global-horizontal-normal"}
{"timestamp":"2026-09-26T20:14:47.2258022Z","event":"cli_call","arguments":["query","layout"],"name":"query_layout"}
{"timestamp":"2026-09-26T20:14:47.2474279Z","event":"cli_result","exitCode":0,"outputLength":6256,"name":"query_layout"}
{"timestamp":"2026-09-26T20:14:47.2509626Z","event":"cli_call","arguments":["query","global-tiling-direction"],"name":"query_global_direction"}
{"timestamp":"2026-09-26T20:14:47.2721330Z","event":"cli_result","exitCode":0,"outputLength":123,"name":"query_global_direction"}
{"timestamp":"2026-09-26T20:14:47.2760390Z","event":"cli_call","arguments":["command","move","--direction","left"],"name":"move_global-horizontal-normal"}
{"timestamp":"2026-09-26T20:14:47.3178538Z","event":"cli_result","exitCode":0,"outputLength":146,"name":"move_global-horizontal-normal"}
{"timestamp":"2026-09-26T20:14:47.6837190Z","event":"cli_call","arguments":["query","layout"],"name":"query_layout"}
{"timestamp":"2026-09-26T20:14:47.7081248Z","event":"cli_result","exitCode":0,"outputLength":6256,"name":"query_layout"}
{"timestamp":"2026-09-26T20:14:47.7111249Z","event":"cli_call","arguments":["query","global-tiling-direction"],"name":"query_global_direction"}
{"timestamp":"2026-09-26T20:14:47.7330925Z","event":"cli_result","exitCode":0,"outputLength":123,"name":"query_global_direction"}
{"timestamp":"2026-09-26T20:14:47.7802451Z","event":"assertion","global":"horizontal","pass":true,"afterHash":"a286f62e41f02b1c0fae35d32beb36abe74cc9c0d62ac8c79353189f0dc6e7ed","beforeHash":"cf61378fcfbdeef3a3c94ce0a59982506b3e0c4079f5e28219fbd18b7b1f0db2","name":"global-horizontal-normal keeps stored global direction","opposite":false}
{"timestamp":"2026-09-26T20:14:47.7837523Z","event":"layout_log_tail","path":"C:\\Users\\mooto\\.glzr\\glazewm\\layout.log","reason":"global-horizontal-normal","lines":"[2026-09-26T20:14:19.808759600Z] auto-save debounce coalesced; event=MonitorUpdated; quiet=5s\n[2026-09-26T20:14:19.809146500Z] auto-save debounce coalesced; event=MonitorUpdated; quiet=5s\n[2026-09-26T20:14:23.070171700Z] auto-save debounce coalesced; event=MonitorUpdated; quiet=5s\n[2026-09-26T20:14:23.098137200Z] auto-save debounce coalesced; event=MonitorUpdated; quiet=5s\n[2026-09-26T20:14:28.107987500Z] auto-save debounce fired; writing C:\\Users\\mooto\\.glzr/glazewm\\layout.json (workspaces=2, windows=8)\n[2026-09-26T20:14:28.113635500Z] auto-save success -\u003e C:\\Users\\mooto\\.glzr/glazewm\\layout.json (workspaces=2, windows=8)\n[2026-09-26T20:14:46.736763800Z] auto-save scheduled; event=GlobalTilingDirectionChanged; quiet=5s\n[2026-09-26T20:14:46.737225900Z] auto-save debounce coalesced; event=TilingDirectionChanged; quiet=5s\n[2026-09-26T20:14:47.119415700Z] auto-save debounce coalesced; event=GlobalTilingDirectionChanged; quiet=5s\n[2026-09-26T20:14:47.119725300Z] auto-save debounce coalesced; event=TilingDirectionChanged; quiet=5s\n[2026-09-26T20:14:47.295374800Z] move tiling: dir=Left stack=Horizontal ws_dir=Horizontal arrow_axis=Horizontal\n[2026-09-26T20:14:47.313121600Z] auto-save debounce coalesced; event=FocusedContainerMoved; quiet=5s"}
{"timestamp":"2026-09-26T20:14:47.7867802Z","event":"cli_call","arguments":["command","set-tiling-direction","vertical"],"name":"set_global_for_global-vertical-normal"}
{"timestamp":"2026-09-26T20:14:47.8123969Z","event":"cli_result","exitCode":0,"outputLength":154,"name":"set_global_for_global-vertical-normal"}
{"timestamp":"2026-09-26T20:14:47.8143990Z","event":"cli_call","arguments":["query","layout"],"name":"query_layout"}
{"timestamp":"2026-09-26T20:14:47.8379545Z","event":"cli_result","exitCode":0,"outputLength":6254,"name":"query_layout"}
{"timestamp":"2026-09-26T20:14:47.8413242Z","event":"cli_call","arguments":["query","global-tiling-direction"],"name":"query_global_direction"}
{"timestamp":"2026-09-26T20:14:47.8623772Z","event":"cli_result","exitCode":0,"outputLength":121,"name":"query_global_direction"}
{"timestamp":"2026-09-26T20:14:47.8641586Z","event":"cli_call","arguments":["command","move","--direction","left"],"name":"move_global-vertical-normal"}
{"timestamp":"2026-09-26T20:14:47.9067668Z","event":"cli_result","exitCode":0,"outputLength":146,"name":"move_global-vertical-normal"}
{"timestamp":"2026-09-26T20:14:48.2740699Z","event":"cli_call","arguments":["query","layout"],"name":"query_layout"}
{"timestamp":"2026-09-26T20:14:48.2986080Z","event":"cli_result","exitCode":0,"outputLength":6391,"name":"query_layout"}
{"timestamp":"2026-09-26T20:14:48.3026305Z","event":"cli_call","arguments":["query","global-tiling-direction"],"name":"query_global_direction"}
{"timestamp":"2026-09-26T20:14:48.3236720Z","event":"cli_result","exitCode":0,"outputLength":121,"name":"query_global_direction"}
{"timestamp":"2026-09-26T20:14:48.3532401Z","event":"assertion","global":"vertical","pass":true,"afterHash":"8b1873a01dda7c18e911d156b484d0ac20ed7d008ea93c5217768eb76aa3c69f","beforeHash":"a286f62e41f02b1c0fae35d32beb36abe74cc9c0d62ac8c79353189f0dc6e7ed","name":"global-vertical-normal keeps stored global direction","opposite":false}
{"timestamp":"2026-09-26T20:14:48.3557417Z","event":"layout_log_tail","path":"C:\\Users\\mooto\\.glzr\\glazewm\\layout.log","reason":"global-vertical-normal","lines":"[2026-09-26T20:14:28.107987500Z] auto-save debounce fired; writing C:\\Users\\mooto\\.glzr/glazewm\\layout.json (workspaces=2, windows=8)\n[2026-09-26T20:14:28.113635500Z] auto-save success -\u003e C:\\Users\\mooto\\.glzr/glazewm\\layout.json (workspaces=2, windows=8)\n[2026-09-26T20:14:46.736763800Z] auto-save scheduled; event=GlobalTilingDirectionChanged; quiet=5s\n[2026-09-26T20:14:46.737225900Z] auto-save debounce coalesced; event=TilingDirectionChanged; quiet=5s\n[2026-09-26T20:14:47.119415700Z] auto-save debounce coalesced; event=GlobalTilingDirectionChanged; quiet=5s\n[2026-09-26T20:14:47.119725300Z] auto-save debounce coalesced; event=TilingDirectionChanged; quiet=5s\n[2026-09-26T20:14:47.295374800Z] move tiling: dir=Left stack=Horizontal ws_dir=Horizontal arrow_axis=Horizontal\n[2026-09-26T20:14:47.313121600Z] auto-save debounce coalesced; event=FocusedContainerMoved; quiet=5s\n[2026-09-26T20:14:47.808863000Z] auto-save debounce coalesced; event=GlobalTilingDirectionChanged; quiet=5s\n[2026-09-26T20:14:47.809224600Z] auto-save debounce coalesced; event=TilingDirectionChanged; quiet=5s\n[2026-09-26T20:14:47.882247600Z] move tiling: dir=Left stack=Vertical ws_dir=Horizontal arrow_axis=Horizontal\n[2026-09-26T20:14:47.901059600Z] auto-save debounce coalesced; event=FocusedContainerMoved; quiet=5s"}
{"timestamp":"2026-09-26T20:14:48.3572497Z","event":"cli_call","arguments":["command","set-tiling-direction","horizontal"],"name":"set_global_for_global-horizontal-opposite"}
{"timestamp":"2026-09-26T20:14:48.3795143Z","event":"cli_result","exitCode":0,"outputLength":156,"name":"set_global_for_global-horizontal-opposite"}
{"timestamp":"2026-09-26T20:14:48.3815118Z","event":"cli_call","arguments":["query","layout"],"name":"query_layout"}
{"timestamp":"2026-09-26T20:14:48.4056897Z","event":"cli_result","exitCode":0,"outputLength":6393,"name":"query_layout"}
{"timestamp":"2026-09-26T20:14:48.4081937Z","event":"cli_call","arguments":["query","global-tiling-direction"],"name":"query_global_direction"}
{"timestamp":"2026-09-26T20:14:48.4307286Z","event":"cli_result","exitCode":0,"outputLength":123,"name":"query_global_direction"}
{"timestamp":"2026-09-26T20:14:48.4347398Z","event":"cli_call","arguments":["command","move","--direction","left","--opposite-tiling-direction"],"name":"move_global-horizontal-opposite"}
{"timestamp":"2026-09-26T20:14:48.4778387Z","event":"cli_result","exitCode":0,"outputLength":174,"name":"move_global-horizontal-opposite"}
{"timestamp":"2026-09-26T20:14:48.8505393Z","event":"cli_call","arguments":["query","layout"],"name":"query_layout"}
{"timestamp":"2026-09-26T20:14:48.8730888Z","event":"cli_result","exitCode":0,"outputLength":6393,"name":"query_layout"}
{"timestamp":"2026-09-26T20:14:48.8765984Z","event":"cli_call","arguments":["query","global-tiling-direction"],"name":"query_global_direction"}
{"timestamp":"2026-09-26T20:14:48.9031488Z","event":"cli_result","exitCode":0,"outputLength":123,"name":"query_global_direction"}
{"timestamp":"2026-09-26T20:14:48.9342371Z","event":"assertion","global":"horizontal","pass":true,"afterHash":"8b1873a01dda7c18e911d156b484d0ac20ed7d008ea93c5217768eb76aa3c69f","beforeHash":"8b1873a01dda7c18e911d156b484d0ac20ed7d008ea93c5217768eb76aa3c69f","name":"global-horizontal-opposite keeps stored global direction","opposite":true}
{"timestamp":"2026-09-26T20:14:48.9372544Z","event":"layout_log_tail","path":"C:\\Users\\mooto\\.glzr\\glazewm\\layout.log","reason":"global-horizontal-opposite","lines":"[2026-09-26T20:14:47.119415700Z] auto-save debounce coalesced; event=GlobalTilingDirectionChanged; quiet=5s\n[2026-09-26T20:14:47.119725300Z] auto-save debounce coalesced; event=TilingDirectionChanged; quiet=5s\n[2026-09-26T20:14:47.295374800Z] move tiling: dir=Left stack=Horizontal ws_dir=Horizontal arrow_axis=Horizontal\n[2026-09-26T20:14:47.313121600Z] auto-save debounce coalesced; event=FocusedContainerMoved; quiet=5s\n[2026-09-26T20:14:47.808863000Z] auto-save debounce coalesced; event=GlobalTilingDirectionChanged; quiet=5s\n[2026-09-26T20:14:47.809224600Z] auto-save debounce coalesced; event=TilingDirectionChanged; quiet=5s\n[2026-09-26T20:14:47.882247600Z] move tiling: dir=Left stack=Vertical ws_dir=Horizontal arrow_axis=Horizontal\n[2026-09-26T20:14:47.901059600Z] auto-save debounce coalesced; event=FocusedContainerMoved; quiet=5s\n[2026-09-26T20:14:48.375650500Z] auto-save debounce coalesced; event=GlobalTilingDirectionChanged; quiet=5s\n[2026-09-26T20:14:48.376086600Z] auto-save debounce coalesced; event=TilingDirectionChanged; quiet=5s\n[2026-09-26T20:14:48.456475100Z] move tiling: dir=Left stack=Vertical ws_dir=Vertical arrow_axis=Horizontal\n[2026-09-26T20:14:48.472482800Z] auto-save debounce coalesced; event=FocusedContainerMoved; quiet=5s"}
{"timestamp":"2026-09-26T20:14:48.9392513Z","event":"cli_call","arguments":["load-layout","C:\\Users\\mooto\\AppData\\Local\\Temp\\glazewm global direction smoke 20260926-161446.json"],"name":"restore_smoke_snapshot"}
{"timestamp":"2026-09-26T20:14:49.0046301Z","event":"cli_result","exitCode":0,"outputLength":252,"name":"restore_smoke_snapshot"}
{"timestamp":"2026-09-26T20:14:49.0076399Z","event":"restore_complete","path":"C:\\Users\\mooto\\AppData\\Local\\Temp\\glazewm global direction smoke 20260926-161446.json"}
{"timestamp":"2026-09-26T20:14:49.0146397Z","event":"cli_call","arguments":["command","set-tiling-direction","horizontal"],"name":"restore_original_global_direction"}
{"timestamp":"2026-09-26T20:14:49.0478862Z","event":"cli_result","exitCode":0,"outputLength":156,"name":"restore_original_global_direction"}
{"timestamp":"2026-09-26T20:14:49.0599162Z","event":"cli_call","arguments":["command","wm-exit"],"name":"soft_wm_exit"}
{"timestamp":"2026-09-26T20:14:49.0861245Z","event":"cli_result","exitCode":0,"outputLength":132,"name":"soft_wm_exit"}
{"timestamp":"2026-09-26T20:14:49.8972090Z","event":"assertion","pass":true,"name":"soft wm-exit kills Zebar via shutdown_commands","processCountBefore":1}
{"timestamp":"2026-09-26T20:14:49.9408251Z","event":"wm_start","path":"C:\\Program Files\\glzr.io\\GlazeWM\\glazewm.exe","pid":25608}
{"timestamp":"2026-09-26T20:14:49.9461843Z","event":"cli_call","arguments":["query","global-tiling-direction"],"name":"query_global_direction"}
{"timestamp":"2026-09-26T20:14:50.4984683Z","event":"cli_result","exitCode":0,"outputLength":123,"name":"query_global_direction"}
{"timestamp":"2026-09-26T20:14:50.5014760Z","event":"assertion","pass":true,"name":"GlazeWM restarts after soft wm-exit"}
{"timestamp":"2026-09-26T20:14:50.5475831Z","event":"zebar_start","pack":"spotco.tokyo-silence","pid":21588}
{"timestamp":"2026-09-26T20:14:50.5526001Z","event":"cli_call","arguments":["query","ignored"],"name":"query_ignored"}
{"timestamp":"2026-09-26T20:14:50.5781731Z","event":"cli_result","exitCode":0,"outputLength":461,"name":"query_ignored"}
{"timestamp":"2026-09-26T20:14:50.8349727Z","event":"cli_call","arguments":["query","ignored"],"name":"query_ignored"}
{"timestamp":"2026-09-26T20:14:50.8600342Z","event":"cli_result","exitCode":0,"outputLength":784,"name":"query_ignored"}
{"timestamp":"2026-09-26T20:14:50.8630315Z","event":"assertion","pass":true,"name":"spotco Zebar bar returns after WM restart"}
{"timestamp":"2026-09-26T20:14:50.8645326Z","event":"run_complete","pass":true,"log":"F:\\dev\\glazewm\\plans\\2026-09-26\\GLOBAL_TILING_DIRECTION_SMOKE.log","failures":0}
